=== INICIANDO AUDITORIA COMPLETA DE ROTAS ===
Data/Hora: Sat Aug 15 02:15:26 AM UTC 2026
==============================================

 Consultando Telemetria Scania (GET)...
{
  "montadora": "Scania",
  "dados": [
    {
      "id": 1,
      "modelo": "R450",
      "vin": "9BS123456789",
      "temperatura_motor": 88,
      "status": "OK"
    },
    {
      "id": 2,
      "modelo": "S500",
      "vin": "9BS987654321",
      "temperatura_motor": 102,
      "status": "ALERTA_AQUECIMENTO"
    },
    {
      "id": 3,
      "modelo": "R450",
      "vin": "9BS555444333",
      "temperatura_motor": 90,
      "status": "OK"
    }
  ]
}

 Consultando Telemetria Mercedes-Benz (GET)...
{
  "montadora": "Mercedes-Benz",
  "dados": [
    {
      "id": 1,
      "modelo": "Actros",
      "vin": "9CT123456789",
      "temperatura_motor": 88,
      "status": "OK"
    },
    {
      "id": 2,
      "modelo": "Atego",
      "vin": "9CT987654321",
      "temperatura_motor": 102,
      "status": "ALERTA_AQUECIMENTO"
    }
  ]
}

 Enviando Dado Válido para Scania (POST)...
{
  "id": 4,
  "modelo": "R450",
  "vin": "9BS555444333",
  "temperatura_motor": 90,
  "status": "OK"
}

 Testando Envio de VIN Inválido para Scania (POST)...
{"error":"O código VIN deve possuir exatamente 12 caracteres."}
 Testando Endpoint Inexistente (404)...
{"erro":"Modulo ou Rota de telemetria não encontrada."}
=== AUDITORIA CONCLUÍDA COM SUCESSO ===
